To honour the JVM settings for this build a single-use Daemon process will be forked. For more on this, please refer to https://docs.gradle.org/9.4.1/userguide/gradle_daemon.html#sec:disabling_the_daemon in the Gradle documentation.
Daemon will be stopped at the end of the build 

> Configure project :
Fabric Loom: 1.15.5

> Task :clean

> Task :compileJava
./gradlew : C:\Users\Fabian\Documents\GitHub\minecraft-26.2-port\malilib\src\main\java\fi\dy\masa\malilib\render\on_dem
and\TextPlateRenderer.java:17: Fehler: Symbol nicht gefunden
In Zeile:1 Zeichen:1
+ ./gradlew clean build 2>&1 | Out-File -FilePath build_errors.txt -Enc ...
+ ~~~~~~~~~~~~~~~~~~~~~~~~~~
    + CategoryInfo          : NotSpecified: (C:\Users\Fabian... nicht gefunden:String) [], RemoteException
    + FullyQualifiedErrorId : NativeCommandError
 
import net.minecraft.client.renderer.MultiBufferSource;
                                    ^
  Symbol: Klasse MultiBufferSource
  Ort: Package net.minecraft.client.renderer
C:\Users\Fabian\Documents\GitHub\minecraft-26.2-port\malilib\src\main\java\fi\dy\masa\malilib\render\RenderUtils.java:2
8: Fehler: Symbol nicht gefunden
import net.minecraft.client.renderer.MultiBufferSource;
                                    ^
  Symbol: Klasse MultiBufferSource
  Ort: Package net.minecraft.client.renderer
C:\Users\Fabian\Documents\GitHub\minecraft-26.2-port\malilib\src\main\java\fi\dy\masa\malilib\render\GuiContext.java:23
9: Fehler: Inkompatible Typen: void kann nicht in ScreenRectangle konvertiert werden
		return this.scissorStack.pop();
		                            ^
C:\Users\Fabian\Documents\GitHub\minecraft-26.2-port\malilib\src\main\java\fi\dy\masa\malilib\gui\GuiBase.java:172: 
Fehler: Symbol nicht gefunden
            this.mc.setScreen(this.parent);
                   ^
  Symbol: Methode setScreen(Screen)
  Ort: Variable mc von Typ Minecraft
C:\Users\Fabian\Documents\GitHub\minecraft-26.2-port\malilib\src\main\java\fi\dy\masa\malilib\gui\GuiBase.java:844: 
Fehler: Symbol nicht gefunden
        return this.mc.screen == this;
                      ^
  Symbol: Variable screen
  Ort: Variable mc von Typ Minecraft
C:\Users\Fabian\Documents\GitHub\minecraft-26.2-port\malilib\src\main\java\fi\dy\masa\malilib\gui\GuiBase.java:894: 
Fehler: Symbol nicht gefunden
        Minecraft.getInstance().setScreen(gui);
                               ^
  Symbol: Methode setScreen(Screen)
  Ort: Klasse Minecraft
C:\Users\Fabian\Documents\GitHub\minecraft-26.2-port\malilib\src\main\java\fi\dy\masa\malilib\gui\GuiConfigsBase.java:9
9: Fehler: Symbol nicht gefunden
                        minecraft.setScreen(this.selectedEntry.configScreenSupplier().get());
                                 ^
  Symbol: Methode setScreen(GuiBase)
  Ort: Variable minecraft von Typ Minecraft
C:\Users\Fabian\Documents\GitHub\minecraft-26.2-port\malilib\src\main\java\fi\dy\masa\malilib\gui\widgets\WidgetSearchB
ar.java:86: Fehler: Symbol nicht gefunden
                if (input.hasShiftDown() && this.mc.screen != null)
                                                   ^
  Symbol: Variable screen
  Ort: Variable mc von Typ Minecraft
C:\Users\Fabian\Documents\GitHub\minecraft-26.2-port\malilib\src\main\java\fi\dy\masa\malilib\gui\widgets\WidgetSearchB
ar.java:88: Fehler: Symbol nicht gefunden
                    this.mc.screen.onClose();
                           ^
  Symbol: Variable screen
  Ort: Variable mc von Typ Minecraft
C:\Users\Fabian\Documents\GitHub\minecraft-26.2-port\malilib\src\main\java\fi\dy\masa\malilib\data\CachedTagManager.jav
a:92: Fehler: Symbol nicht gefunden
        list.add(BuiltInRegistries.BLOCK.getKey(Blocks.BLACK_CONCRETE).toString());
                                                      ^
  Symbol: Variable BLACK_CONCRETE
  Ort: Klasse Blocks
C:\Users\Fabian\Documents\GitHub\minecraft-26.2-port\malilib\src\main\java\fi\dy\masa\malilib\data\CachedTagManager.jav
a:93: Fehler: Symbol nicht gefunden
        list.add(BuiltInRegistries.BLOCK.getKey(Blocks.BLUE_CONCRETE).toString());
                                                      ^
  Symbol: Variable BLUE_CONCRETE
  Ort: Klasse Blocks
C:\Users\Fabian\Documents\GitHub\minecraft-26.2-port\malilib\src\main\java\fi\dy\masa\malilib\data\CachedTagManager.jav
a:94: Fehler: Symbol nicht gefunden
        list.add(BuiltInRegistries.BLOCK.getKey(Blocks.BROWN_CONCRETE).toString());
                                                      ^
  Symbol: Variable BROWN_CONCRETE
  Ort: Klasse Blocks
C:\Users\Fabian\Documents\GitHub\minecraft-26.2-port\malilib\src\main\java\fi\dy\masa\malilib\data\CachedTagManager.jav
a:95: Fehler: Symbol nicht gefunden
        list.add(BuiltInRegistries.BLOCK.getKey(Blocks.CYAN_CONCRETE).toString());
                                                      ^
  Symbol: Variable CYAN_CONCRETE
  Ort: Klasse Blocks
C:\Users\Fabian\Documents\GitHub\minecraft-26.2-port\malilib\src\main\java\fi\dy\masa\malilib\data\CachedTagManager.jav
a:96: Fehler: Symbol nicht gefunden
        list.add(BuiltInRegistries.BLOCK.getKey(Blocks.GRAY_CONCRETE).toString());
                                                      ^
  Symbol: Variable GRAY_CONCRETE
  Ort: Klasse Blocks
C:\Users\Fabian\Documents\GitHub\minecraft-26.2-port\malilib\src\main\java\fi\dy\masa\malilib\data\CachedTagManager.jav
a:97: Fehler: Symbol nicht gefunden
        list.add(BuiltInRegistries.BLOCK.getKey(Blocks.GREEN_CONCRETE).toString());
                                                      ^
  Symbol: Variable GREEN_CONCRETE
  Ort: Klasse Blocks
C:\Users\Fabian\Documents\GitHub\minecraft-26.2-port\malilib\src\main\java\fi\dy\masa\malilib\data\CachedTagManager.jav
a:98: Fehler: Symbol nicht gefunden
        list.add(BuiltInRegistries.BLOCK.getKey(Blocks.LIGHT_BLUE_CONCRETE).toString());
                                                      ^
  Symbol: Variable LIGHT_BLUE_CONCRETE
  Ort: Klasse Blocks
C:\Users\Fabian\Documents\GitHub\minecraft-26.2-port\malilib\src\main\java\fi\dy\masa\malilib\data\CachedTagManager.jav
a:99: Fehler: Symbol nicht gefunden
        list.add(BuiltInRegistries.BLOCK.getKey(Blocks.LIGHT_GRAY_CONCRETE).toString());
                                                      ^
  Symbol: Variable LIGHT_GRAY_CONCRETE
  Ort: Klasse Blocks
C:\Users\Fabian\Documents\GitHub\minecraft-26.2-port\malilib\src\main\java\fi\dy\masa\malilib\data\CachedTagManager.jav
a:100: Fehler: Symbol nicht gefunden
        list.add(BuiltInRegistries.BLOCK.getKey(Blocks.LIME_CONCRETE).toString());
                                                      ^
  Symbol: Variable LIME_CONCRETE
  Ort: Klasse Blocks
C:\Users\Fabian\Documents\GitHub\minecraft-26.2-port\malilib\src\main\java\fi\dy\masa\malilib\data\CachedTagManager.jav
a:101: Fehler: Symbol nicht gefunden
        list.add(BuiltInRegistries.BLOCK.getKey(Blocks.MAGENTA_CONCRETE).toString());
                                                      ^
  Symbol: Variable MAGENTA_CONCRETE
  Ort: Klasse Blocks
C:\Users\Fabian\Documents\GitHub\minecraft-26.2-port\malilib\src\main\java\fi\dy\masa\malilib\data\CachedTagManager.jav
a:102: Fehler: Symbol nicht gefunden
        list.add(BuiltInRegistries.BLOCK.getKey(Blocks.ORANGE_CONCRETE).toString());
                                                      ^
  Symbol: Variable ORANGE_CONCRETE
  Ort: Klasse Blocks
C:\Users\Fabian\Documents\GitHub\minecraft-26.2-port\malilib\src\main\java\fi\dy\masa\malilib\data\CachedTagManager.jav
a:103: Fehler: Symbol nicht gefunden
        list.add(BuiltInRegistries.BLOCK.getKey(Blocks.PINK_CONCRETE).toString());
                                                      ^
  Symbol: Variable PINK_CONCRETE
  Ort: Klasse Blocks
C:\Users\Fabian\Documents\GitHub\minecraft-26.2-port\malilib\src\main\java\fi\dy\masa\malilib\data\CachedTagManager.jav
a:104: Fehler: Symbol nicht gefunden
        list.add(BuiltInRegistries.BLOCK.getKey(Blocks.PURPLE_CONCRETE).toString());
                                                      ^
  Symbol: Variable PURPLE_CONCRETE
  Ort: Klasse Blocks
C:\Users\Fabian\Documents\GitHub\minecraft-26.2-port\malilib\src\main\java\fi\dy\masa\malilib\data\CachedTagManager.jav
a:105: Fehler: Symbol nicht gefunden
        list.add(BuiltInRegistries.BLOCK.getKey(Blocks.RED_CONCRETE).toString());
                                                      ^
  Symbol: Variable RED_CONCRETE
  Ort: Klasse Blocks
C:\Users\Fabian\Documents\GitHub\minecraft-26.2-port\malilib\src\main\java\fi\dy\masa\malilib\data\CachedTagManager.jav
a:106: Fehler: Symbol nicht gefunden
        list.add(BuiltInRegistries.BLOCK.getKey(Blocks.YELLOW_CONCRETE).toString());
                                                      ^
  Symbol: Variable YELLOW_CONCRETE
  Ort: Klasse Blocks
C:\Users\Fabian\Documents\GitHub\minecraft-26.2-port\malilib\src\main\java\fi\dy\masa\malilib\data\CachedTagManager.jav
a:107: Fehler: Symbol nicht gefunden
        list.add(BuiltInRegistries.BLOCK.getKey(Blocks.WHITE_CONCRETE).toString());
                                                      ^
  Symbol: Variable WHITE_CONCRETE
  Ort: Klasse Blocks
C:\Users\Fabian\Documents\GitHub\minecraft-26.2-port\malilib\src\main\java\fi\dy\masa\malilib\data\CachedTagManager.jav
a:117: Fehler: Symbol nicht gefunden
        list.add(BuiltInRegistries.BLOCK.getKey(Blocks.BLACK_STAINED_GLASS_PANE).toString());
                                                      ^
  Symbol: Variable BLACK_STAINED_GLASS_PANE
  Ort: Klasse Blocks
C:\Users\Fabian\Documents\GitHub\minecraft-26.2-port\malilib\src\main\java\fi\dy\masa\malilib\data\CachedTagManager.jav
a:118: Fehler: Symbol nicht gefunden
        list.add(BuiltInRegistries.BLOCK.getKey(Blocks.BLUE_STAINED_GLASS_PANE).toString());
                                                      ^
  Symbol: Variable BLUE_STAINED_GLASS_PANE
  Ort: Klasse Blocks
C:\Users\Fabian\Documents\GitHub\minecraft-26.2-port\malilib\src\main\java\fi\dy\masa\malilib\data\CachedTagManager.jav
a:119: Fehler: Symbol nicht gefunden
        list.add(BuiltInRegistries.BLOCK.getKey(Blocks.BROWN_STAINED_GLASS_PANE).toString());
                                                      ^
  Symbol: Variable BROWN_STAINED_GLASS_PANE
  Ort: Klasse Blocks
C:\Users\Fabian\Documents\GitHub\minecraft-26.2-port\malilib\src\main\java\fi\dy\masa\malilib\data\CachedTagManager.jav
a:120: Fehler: Symbol nicht gefunden
        list.add(BuiltInRegistries.BLOCK.getKey(Blocks.CYAN_STAINED_GLASS_PANE).toString());
                                                      ^
  Symbol: Variable CYAN_STAINED_GLASS_PANE
  Ort: Klasse Blocks
C:\Users\Fabian\Documents\GitHub\minecraft-26.2-port\malilib\src\main\java\fi\dy\masa\malilib\data\CachedTagManager.jav
a:121: Fehler: Symbol nicht gefunden
        list.add(BuiltInRegistries.BLOCK.getKey(Blocks.GRAY_STAINED_GLASS_PANE).toString());
                                                      ^
  Symbol: Variable GRAY_STAINED_GLASS_PANE
  Ort: Klasse Blocks
C:\Users\Fabian\Documents\GitHub\minecraft-26.2-port\malilib\src\main\java\fi\dy\masa\malilib\data\CachedTagManager.jav
a:122: Fehler: Symbol nicht gefunden
        list.add(BuiltInRegistries.BLOCK.getKey(Blocks.GREEN_STAINED_GLASS_PANE).toString());
                                                      ^
  Symbol: Variable GREEN_STAINED_GLASS_PANE
  Ort: Klasse Blocks
C:\Users\Fabian\Documents\GitHub\minecraft-26.2-port\malilib\src\main\java\fi\dy\masa\malilib\data\CachedTagManager.jav
a:123: Fehler: Symbol nicht gefunden
        list.add(BuiltInRegistries.BLOCK.getKey(Blocks.LIGHT_BLUE_STAINED_GLASS_PANE).toString());
                                                      ^
  Symbol: Variable LIGHT_BLUE_STAINED_GLASS_PANE
  Ort: Klasse Blocks
C:\Users\Fabian\Documents\GitHub\minecraft-26.2-port\malilib\src\main\java\fi\dy\masa\malilib\data\CachedTagManager.jav
a:124: Fehler: Symbol nicht gefunden
        list.add(BuiltInRegistries.BLOCK.getKey(Blocks.LIGHT_GRAY_STAINED_GLASS_PANE).toString());
                                                      ^
  Symbol: Variable LIGHT_GRAY_STAINED_GLASS_PANE
  Ort: Klasse Blocks
C:\Users\Fabian\Documents\GitHub\minecraft-26.2-port\malilib\src\main\java\fi\dy\masa\malilib\data\CachedTagManager.jav
a:125: Fehler: Symbol nicht gefunden
        list.add(BuiltInRegistries.BLOCK.getKey(Blocks.LIME_STAINED_GLASS_PANE).toString());
                                                      ^
  Symbol: Variable LIME_STAINED_GLASS_PANE
  Ort: Klasse Blocks
C:\Users\Fabian\Documents\GitHub\minecraft-26.2-port\malilib\src\main\java\fi\dy\masa\malilib\data\CachedTagManager.jav
a:126: Fehler: Symbol nicht gefunden
        list.add(BuiltInRegistries.BLOCK.getKey(Blocks.MAGENTA_STAINED_GLASS_PANE).toString());
                                                      ^
  Symbol: Variable MAGENTA_STAINED_GLASS_PANE
  Ort: Klasse Blocks
C:\Users\Fabian\Documents\GitHub\minecraft-26.2-port\malilib\src\main\java\fi\dy\masa\malilib\data\CachedTagManager.jav
a:127: Fehler: Symbol nicht gefunden
        list.add(BuiltInRegistries.BLOCK.getKey(Blocks.ORANGE_STAINED_GLASS_PANE).toString());
                                                      ^
  Symbol: Variable ORANGE_STAINED_GLASS_PANE
  Ort: Klasse Blocks
C:\Users\Fabian\Documents\GitHub\minecraft-26.2-port\malilib\src\main\java\fi\dy\masa\malilib\data\CachedTagManager.jav
a:128: Fehler: Symbol nicht gefunden
        list.add(BuiltInRegistries.BLOCK.getKey(Blocks.PINK_STAINED_GLASS_PANE).toString());
                                                      ^
  Symbol: Variable PINK_STAINED_GLASS_PANE
  Ort: Klasse Blocks
C:\Users\Fabian\Documents\GitHub\minecraft-26.2-port\malilib\src\main\java\fi\dy\masa\malilib\data\CachedTagManager.jav
a:129: Fehler: Symbol nicht gefunden
        list.add(BuiltInRegistries.BLOCK.getKey(Blocks.PURPLE_STAINED_GLASS_PANE).toString());
                                                      ^
  Symbol: Variable PURPLE_STAINED_GLASS_PANE
  Ort: Klasse Blocks
C:\Users\Fabian\Documents\GitHub\minecraft-26.2-port\malilib\src\main\java\fi\dy\masa\malilib\data\CachedTagManager.jav
a:130: Fehler: Symbol nicht gefunden
        list.add(BuiltInRegistries.BLOCK.getKey(Blocks.RED_STAINED_GLASS_PANE).toString());
                                                      ^
  Symbol: Variable RED_STAINED_GLASS_PANE
  Ort: Klasse Blocks
C:\Users\Fabian\Documents\GitHub\minecraft-26.2-port\malilib\src\main\java\fi\dy\masa\malilib\data\CachedTagManager.jav
a:131: Fehler: Symbol nicht gefunden
        list.add(BuiltInRegistries.BLOCK.getKey(Blocks.YELLOW_STAINED_GLASS_PANE).toString());
                                                      ^
  Symbol: Variable YELLOW_STAINED_GLASS_PANE
  Ort: Klasse Blocks
C:\Users\Fabian\Documents\GitHub\minecraft-26.2-port\malilib\src\main\java\fi\dy\masa\malilib\data\CachedTagManager.jav
a:132: Fehler: Symbol nicht gefunden
        list.add(BuiltInRegistries.BLOCK.getKey(Blocks.WHITE_STAINED_GLASS_PANE).toString());
                                                      ^
  Symbol: Variable WHITE_STAINED_GLASS_PANE
  Ort: Klasse Blocks
C:\Users\Fabian\Documents\GitHub\minecraft-26.2-port\malilib\src\main\java\fi\dy\masa\malilib\data\CachedTagManager.jav
a:141: Fehler: Symbol nicht gefunden
        list.add(BuiltInRegistries.BLOCK.getKey(Blocks.BLACK_GLAZED_TERRACOTTA).toString());
                                                      ^
  Symbol: Variable BLACK_GLAZED_TERRACOTTA
  Ort: Klasse Blocks
C:\Users\Fabian\Documents\GitHub\minecraft-26.2-port\malilib\src\main\java\fi\dy\masa\malilib\data\CachedTagManager.jav
a:142: Fehler: Symbol nicht gefunden
        list.add(BuiltInRegistries.BLOCK.getKey(Blocks.BLUE_GLAZED_TERRACOTTA).toString());
                                                      ^
  Symbol: Variable BLUE_GLAZED_TERRACOTTA
  Ort: Klasse Blocks
C:\Users\Fabian\Documents\GitHub\minecraft-26.2-port\malilib\src\main\java\fi\dy\masa\malilib\data\CachedTagManager.jav
a:143: Fehler: Symbol nicht gefunden
        list.add(BuiltInRegistries.BLOCK.getKey(Blocks.BROWN_GLAZED_TERRACOTTA).toString());
                                                      ^
  Symbol: Variable BROWN_GLAZED_TERRACOTTA
  Ort: Klasse Blocks
C:\Users\Fabian\Documents\GitHub\minecraft-26.2-port\malilib\src\main\java\fi\dy\masa\malilib\data\CachedTagManager.jav
a:144: Fehler: Symbol nicht gefunden
        list.add(BuiltInRegistries.BLOCK.getKey(Blocks.CYAN_GLAZED_TERRACOTTA).toString());
                                                      ^
  Symbol: Variable CYAN_GLAZED_TERRACOTTA
  Ort: Klasse Blocks
C:\Users\Fabian\Documents\GitHub\minecraft-26.2-port\malilib\src\main\java\fi\dy\masa\malilib\data\CachedTagManager.jav
a:145: Fehler: Symbol nicht gefunden
        list.add(BuiltInRegistries.BLOCK.getKey(Blocks.GRAY_GLAZED_TERRACOTTA).toString());
                                                      ^
  Symbol: Variable GRAY_GLAZED_TERRACOTTA
  Ort: Klasse Blocks
C:\Users\Fabian\Documents\GitHub\minecraft-26.2-port\malilib\src\main\java\fi\dy\masa\malilib\data\CachedTagManager.jav
a:146: Fehler: Symbol nicht gefunden
        list.add(BuiltInRegistries.BLOCK.getKey(Blocks.GREEN_GLAZED_TERRACOTTA).toString());
                                                      ^
  Symbol: Variable GREEN_GLAZED_TERRACOTTA
  Ort: Klasse Blocks
C:\Users\Fabian\Documents\GitHub\minecraft-26.2-port\malilib\src\main\java\fi\dy\masa\malilib\data\CachedTagManager.jav
a:147: Fehler: Symbol nicht gefunden
        list.add(BuiltInRegistries.BLOCK.getKey(Blocks.LIGHT_BLUE_GLAZED_TERRACOTTA).toString());
                                                      ^
  Symbol: Variable LIGHT_BLUE_GLAZED_TERRACOTTA
  Ort: Klasse Blocks
C:\Users\Fabian\Documents\GitHub\minecraft-26.2-port\malilib\src\main\java\fi\dy\masa\malilib\data\CachedTagManager.jav
a:148: Fehler: Symbol nicht gefunden
        list.add(BuiltInRegistries.BLOCK.getKey(Blocks.LIGHT_GRAY_GLAZED_TERRACOTTA).toString());
                                                      ^
  Symbol: Variable LIGHT_GRAY_GLAZED_TERRACOTTA
  Ort: Klasse Blocks
C:\Users\Fabian\Documents\GitHub\minecraft-26.2-port\malilib\src\main\java\fi\dy\masa\malilib\data\CachedTagManager.jav
a:149: Fehler: Symbol nicht gefunden
        list.add(BuiltInRegistries.BLOCK.getKey(Blocks.LIME_GLAZED_TERRACOTTA).toString());
                                                      ^
  Symbol: Variable LIME_GLAZED_TERRACOTTA
  Ort: Klasse Blocks
C:\Users\Fabian\Documents\GitHub\minecraft-26.2-port\malilib\src\main\java\fi\dy\masa\malilib\data\CachedTagManager.jav
a:150: Fehler: Symbol nicht gefunden
        list.add(BuiltInRegistries.BLOCK.getKey(Blocks.MAGENTA_GLAZED_TERRACOTTA).toString());
                                                      ^
  Symbol: Variable MAGENTA_GLAZED_TERRACOTTA
  Ort: Klasse Blocks
C:\Users\Fabian\Documents\GitHub\minecraft-26.2-port\malilib\src\main\java\fi\dy\masa\malilib\data\CachedTagManager.jav
a:151: Fehler: Symbol nicht gefunden
        list.add(BuiltInRegistries.BLOCK.getKey(Blocks.ORANGE_GLAZED_TERRACOTTA).toString());
                                                      ^
  Symbol: Variable ORANGE_GLAZED_TERRACOTTA
  Ort: Klasse Blocks
C:\Users\Fabian\Documents\GitHub\minecraft-26.2-port\malilib\src\main\java\fi\dy\masa\malilib\data\CachedTagManager.jav
a:152: Fehler: Symbol nicht gefunden
        list.add(BuiltInRegistries.BLOCK.getKey(Blocks.PINK_GLAZED_TERRACOTTA).toString());
                                                      ^
  Symbol: Variable PINK_GLAZED_TERRACOTTA
  Ort: Klasse Blocks
C:\Users\Fabian\Documents\GitHub\minecraft-26.2-port\malilib\src\main\java\fi\dy\masa\malilib\data\CachedTagManager.jav
a:153: Fehler: Symbol nicht gefunden
        list.add(BuiltInRegistries.BLOCK.getKey(Blocks.PURPLE_GLAZED_TERRACOTTA).toString());
                                                      ^
  Symbol: Variable PURPLE_GLAZED_TERRACOTTA
  Ort: Klasse Blocks
C:\Users\Fabian\Documents\GitHub\minecraft-26.2-port\malilib\src\main\java\fi\dy\masa\malilib\data\CachedTagManager.jav
a:154: Fehler: Symbol nicht gefunden
        list.add(BuiltInRegistries.BLOCK.getKey(Blocks.RED_GLAZED_TERRACOTTA).toString());
                                                      ^
  Symbol: Variable RED_GLAZED_TERRACOTTA
  Ort: Klasse Blocks
C:\Users\Fabian\Documents\GitHub\minecraft-26.2-port\malilib\src\main\java\fi\dy\masa\malilib\data\CachedTagManager.jav
a:155: Fehler: Symbol nicht gefunden
        list.add(BuiltInRegistries.BLOCK.getKey(Blocks.YELLOW_GLAZED_TERRACOTTA).toString());
                                                      ^
  Symbol: Variable YELLOW_GLAZED_TERRACOTTA
  Ort: Klasse Blocks
C:\Users\Fabian\Documents\GitHub\minecraft-26.2-port\malilib\src\main\java\fi\dy\masa\malilib\data\CachedTagManager.jav
a:156: Fehler: Symbol nicht gefunden
        list.add(BuiltInRegistries.BLOCK.getKey(Blocks.WHITE_GLAZED_TERRACOTTA).toString());
                                                      ^
  Symbol: Variable WHITE_GLAZED_TERRACOTTA
  Ort: Klasse Blocks
C:\Users\Fabian\Documents\GitHub\minecraft-26.2-port\malilib\src\main\java\fi\dy\masa\malilib\data\CachedTagManager.jav
a:185: Fehler: Symbol nicht gefunden
        list.add("#"+BlockTags.CONCRETE_POWDER.location().toString());
                              ^
  Symbol: Variable CONCRETE_POWDER
  Ort: Klasse BlockTags
C:\Users\Fabian\Documents\GitHub\minecraft-26.2-port\malilib\src\main\java\fi\dy\masa\malilib\data\CachedTagManager.jav
a:196: Fehler: Symbol nicht gefunden
        list.add("#"+BlockTags.SAPLINGS.location().toString());
                              ^
  Symbol: Variable SAPLINGS
  Ort: Klasse BlockTags
C:\Users\Fabian\Documents\GitHub\minecraft-26.2-port\malilib\src\main\java\fi\dy\masa\malilib\interfaces\IInventoryOver
layHandler.java:109: Fehler: Symbol nicht gefunden
			mc.setScreen(new InventoryOverlayScreen(this.getModId(), this.getRenderContextNullable(), shulkerBGColors, 
villagerBGColors));
			  ^
  Symbol: Methode setScreen(InventoryOverlayScreen)
  Ort: Variable mc von Typ Minecraft
C:\Users\Fabian\Documents\GitHub\minecraft-26.2-port\malilib\src\main\java\fi\dy\masa\malilib\mixin\render\MixinRenderP
ipelines.java:57: Fehler: Symbol nicht gefunden
    @Unique private static final BlendFunction MASA_BLEND = new BlendFunction(SourceFactor.SRC_ALPHA, 
DestFactor.ONE_MINUS_SRC_ALPHA, SourceFactor.ONE, DestFactor.ZERO);
                                                                              ^
  Symbol: Variable SourceFactor
  Ort: Klasse MixinRenderPipelines
C:\Users\Fabian\Documents\GitHub\minecraft-26.2-port\malilib\src\main\java\fi\dy\masa\malilib\mixin\render\MixinRenderP
ipelines.java:57: Fehler: Symbol nicht gefunden
    @Unique private static final BlendFunction MASA_BLEND = new BlendFunction(SourceFactor.SRC_ALPHA, 
DestFactor.ONE_MINUS_SRC_ALPHA, SourceFactor.ONE, DestFactor.ZERO);
                                                                                                      ^
  Symbol: Variable DestFactor
  Ort: Klasse MixinRenderPipelines
C:\Users\Fabian\Documents\GitHub\minecraft-26.2-port\malilib\src\main\java\fi\dy\masa\malilib\mixin\render\MixinRenderP
ipelines.java:57: Fehler: Symbol nicht gefunden
    @Unique private static final BlendFunction MASA_BLEND = new BlendFunction(SourceFactor.SRC_ALPHA, 
DestFactor.ONE_MINUS_SRC_ALPHA, SourceFactor.ONE, DestFactor.ZERO);
                                                                                                                       
               ^
  Symbol: Variable SourceFactor
  Ort: Klasse MixinRenderPipelines
C:\Users\Fabian\Documents\GitHub\minecraft-26.2-port\malilib\src\main\java\fi\dy\masa\malilib\mixin\render\MixinRenderP
ipelines.java:57: Fehler: Symbol nicht gefunden
    @Unique private static final BlendFunction MASA_BLEND = new BlendFunction(SourceFactor.SRC_ALPHA, 
DestFactor.ONE_MINUS_SRC_ALPHA, SourceFactor.ONE, DestFactor.ZERO);
                                                                                                                       
                                 ^
  Symbol: Variable DestFactor
  Ort: Klasse MixinRenderPipelines
C:\Users\Fabian\Documents\GitHub\minecraft-26.2-port\malilib\src\main\java\fi\dy\masa\malilib\mixin\render\MixinRenderP
ipelines.java:58: Fehler: Symbol nicht gefunden
    @Unique private static final BlendFunction MASA_BLEND_SIMPLE = new BlendFunction(SourceFactor.SRC_ALPHA, 
DestFactor.ONE_MINUS_SRC_ALPHA);
                                                                                     ^
  Symbol: Variable SourceFactor
  Ort: Klasse MixinRenderPipelines
C:\Users\Fabian\Documents\GitHub\minecraft-26.2-port\malilib\src\main\java\fi\dy\masa\malilib\mixin\render\MixinRenderP
ipelines.java:58: Fehler: Symbol nicht gefunden
    @Unique private static final BlendFunction MASA_BLEND_SIMPLE = new BlendFunction(SourceFactor.SRC_ALPHA, 
DestFactor.ONE_MINUS_SRC_ALPHA);
                                                                                                             ^
  Symbol: Variable DestFactor
  Ort: Klasse MixinRenderPipelines
C:\Users\Fabian\Documents\GitHub\minecraft-26.2-port\malilib\src\main\java\fi\dy\masa\malilib\mixin\render\MixinRenderP
ipelines.java:572: Fehler: Symbol nicht gefunden
			                  .withSampler("Sampler0")
			                  ^
  Symbol: Methode withSampler(String)
  Ort: Klasse Builder
C:\Users\Fabian\Documents\GitHub\minecraft-26.2-port\malilib\src\main\java\fi\dy\masa\malilib\mixin\render\MixinRenderP
ipelines.java:596: Fehler: Symbol nicht gefunden
			                  .withSampler("Sampler0")
			                  ^
  Symbol: Methode withSampler(String)
  Ort: Klasse Builder
C:\Users\Fabian\Documents\GitHub\minecraft-26.2-port\malilib\src\main\java\fi\dy\masa\malilib\mixin\render\MixinRenderP
ipelines.java:1002: Fehler: Symbol nicht gefunden
			                  .withUniform("Projection", UniformType.UNIFORM_BUFFER)
			                  ^
  Symbol: Methode withUniform(String,UniformType)
  Ort: Klasse Builder
C:\Users\Fabian\Documents\GitHub\minecraft-26.2-port\malilib\src\main\java\fi\dy\masa\malilib\mixin\render\MixinRenderP
ipelines.java:1132: Fehler: Symbol nicht gefunden
			                  .withSampler("Sampler0")
			                  ^
  Symbol: Methode withSampler(String)
  Ort: Klasse Builder
C:\Users\Fabian\Documents\GitHub\minecraft-26.2-port\malilib\src\main\java\fi\dy\masa\malilib\render\InventoryOverlay.j
ava:600: Fehler: Symbol nicht gefunden
			if (blockType.equals(BlockEntityType.SHULKER_BOX) ||
			                                    ^
  Symbol: Variable SHULKER_BOX
  Ort: Klasse BlockEntityType
C:\Users\Fabian\Documents\GitHub\minecraft-26.2-port\malilib\src\main\java\fi\dy\masa\malilib\render\InventoryOverlay.j
ava:601: Fehler: Symbol nicht gefunden
				blockType.equals(BlockEntityType.BARREL) ||
				                                ^
  Symbol: Variable BARREL
  Ort: Klasse BlockEntityType
C:\Users\Fabian\Documents\GitHub\minecraft-26.2-port\malilib\src\main\java\fi\dy\masa\malilib\render\InventoryOverlay.j
ava:602: Fehler: Symbol nicht gefunden
				blockType.equals(BlockEntityType.CHEST) ||
				                                ^
  Symbol: Variable CHEST
  Ort: Klasse BlockEntityType
C:\Users\Fabian\Documents\GitHub\minecraft-26.2-port\malilib\src\main\java\fi\dy\masa\malilib\render\InventoryOverlay.j
ava:603: Fehler: Symbol nicht gefunden
				blockType.equals(BlockEntityType.TRAPPED_CHEST))
				                                ^
  Symbol: Variable TRAPPED_CHEST
  Ort: Klasse BlockEntityType
C:\Users\Fabian\Documents\GitHub\minecraft-26.2-port\malilib\src\main\java\fi\dy\masa\malilib\render\InventoryOverlay.j
ava:617: Fehler: Symbol nicht gefunden
			else if (blockType.equals(BlockEntityType.FURNACE) ||
			                                         ^
  Symbol: Variable FURNACE
  Ort: Klasse BlockEntityType
C:\Users\Fabian\Documents\GitHub\minecraft-26.2-port\malilib\src\main\java\fi\dy\masa\malilib\render\InventoryOverlay.j
ava:618: Fehler: Symbol nicht gefunden
					blockType.equals(BlockEntityType.BLAST_FURNACE) ||
					                                ^
  Symbol: Variable BLAST_FURNACE
  Ort: Klasse BlockEntityType
C:\Users\Fabian\Documents\GitHub\minecraft-26.2-port\malilib\src\main\java\fi\dy\masa\malilib\render\InventoryOverlay.j
ava:619: Fehler: Symbol nicht gefunden
					blockType.equals(BlockEntityType.SMOKER))
					                                ^
  Symbol: Variable SMOKER
  Ort: Klasse BlockEntityType
C:\Users\Fabian\Documents\GitHub\minecraft-26.2-port\malilib\src\main\java\fi\dy\masa\malilib\render\InventoryOverlay.j
ava:623: Fehler: Symbol nicht gefunden
			else if (blockType.equals(BlockEntityType.DISPENSER) ||
			                                         ^
  Symbol: Variable DISPENSER
  Ort: Klasse BlockEntityType
C:\Users\Fabian\Documents\GitHub\minecraft-26.2-port\malilib\src\main\java\fi\dy\masa\malilib\render\InventoryOverlay.j
ava:624: Fehler: Symbol nicht gefunden
					blockType.equals(BlockEntityType.DROPPER))
					                                ^
  Symbol: Variable DROPPER
  Ort: Klasse BlockEntityType
C:\Users\Fabian\Documents\GitHub\minecraft-26.2-port\malilib\src\main\java\fi\dy\masa\malilib\render\InventoryOverlay.j
ava:628: Fehler: Symbol nicht gefunden
			else if (blockType.equals(BlockEntityType.HOPPER))
			                                         ^
  Symbol: Variable HOPPER
  Ort: Klasse BlockEntityType
C:\Users\Fabian\Documents\GitHub\minecraft-26.2-port\malilib\src\main\java\fi\dy\masa\malilib\render\InventoryOverlay.j
ava:632: Fehler: Symbol nicht gefunden
			else if (blockType.equals(BlockEntityType.BREWING_STAND))
			                                         ^
  Symbol: Variable BREWING_STAND
  Ort: Klasse BlockEntityType
C:\Users\Fabian\Documents\GitHub\minecraft-26.2-port\malilib\src\main\java\fi\dy\masa\malilib\render\InventoryOverlay.j
ava:636: Fehler: Symbol nicht gefunden
			else if (blockType.equals(BlockEntityType.CRAFTER))
			                                         ^
  Symbol: Variable CRAFTER
  Ort: Klasse BlockEntityType
C:\Users\Fabian\Documents\GitHub\minecraft-26.2-port\malilib\src\main\java\fi\dy\masa\malilib\render\InventoryOverlay.j
ava:640: Fehler: Symbol nicht gefunden
			else if (blockType.equals(BlockEntityType.DECORATED_POT) ||
			                                         ^
  Symbol: Variable DECORATED_POT
  Ort: Klasse BlockEntityType
C:\Users\Fabian\Documents\GitHub\minecraft-26.2-port\malilib\src\main\java\fi\dy\masa\malilib\render\InventoryOverlay.j
ava:641: Fehler: Symbol nicht gefunden
					blockType.equals(BlockEntityType.JUKEBOX) ||
					                                ^
  Symbol: Variable JUKEBOX
  Ort: Klasse BlockEntityType
C:\Users\Fabian\Documents\GitHub\minecraft-26.2-port\malilib\src\main\java\fi\dy\masa\malilib\render\InventoryOverlay.j
ava:642: Fehler: Symbol nicht gefunden
					blockType.equals(BlockEntityType.LECTERN))
					                                ^
  Symbol: Variable LECTERN
  Ort: Klasse BlockEntityType
C:\Users\Fabian\Documents\GitHub\minecraft-26.2-port\malilib\src\main\java\fi\dy\masa\malilib\render\InventoryOverlay.j
ava:646: Fehler: Symbol nicht gefunden
			else if (blockType.equals(BlockEntityType.CHISELED_BOOKSHELF))
			                                         ^
  Symbol: Variable CHISELED_BOOKSHELF
  Ort: Klasse BlockEntityType
C:\Users\Fabian\Documents\GitHub\minecraft-26.2-port\malilib\src\main\java\fi\dy\masa\malilib\render\InventoryOverlay.j
ava:650: Fehler: Symbol nicht gefunden
			else if (blockType.equals(BlockEntityType.SHELF))
			                                         ^
  Symbol: Variable SHELF
  Ort: Klasse BlockEntityType
C:\Users\Fabian\Documents\GitHub\minecraft-26.2-port\malilib\src\main\java\fi\dy\masa\malilib\render\InventoryOverlay.j
ava:654: Fehler: Symbol nicht gefunden
			else if (blockType.equals(BlockEntityType.ENDER_CHEST))
			                                         ^
  Symbol: Variable ENDER_CHEST
  Ort: Klasse BlockEntityType
C:\Users\Fabian\Documents\GitHub\minecraft-26.2-port\malilib\src\main\java\fi\dy\masa\malilib\render\InventoryOverlay.j
ava:664: Fehler: Symbol nicht gefunden
			if (entityType.equals(EntityType.CHEST_MINECART) ||
			                                ^
  Symbol: Variable CHEST_MINECART
  Ort: Klasse EntityType
C:\Users\Fabian\Documents\GitHub\minecraft-26.2-port\malilib\src\main\java\fi\dy\masa\malilib\render\InventoryOverlay.j
ava:665: Fehler: Symbol nicht gefunden
				entityType.equals(EntityType.ACACIA_CHEST_BOAT) ||
				                            ^
  Symbol: Variable ACACIA_CHEST_BOAT
  Ort: Klasse EntityType
C:\Users\Fabian\Documents\GitHub\minecraft-26.2-port\malilib\src\main\java\fi\dy\masa\malilib\render\InventoryOverlay.j
ava:666: Fehler: Symbol nicht gefunden
				entityType.equals(EntityType.BAMBOO_CHEST_RAFT) ||
				                            ^
  Symbol: Variable BAMBOO_CHEST_RAFT
  Ort: Klasse EntityType
C:\Users\Fabian\Documents\GitHub\minecraft-26.2-port\malilib\src\main\java\fi\dy\masa\malilib\render\InventoryOverlay.j
ava:667: Fehler: Symbol nicht gefunden
				entityType.equals(EntityType.BIRCH_CHEST_BOAT) ||
				                            ^
  Symbol: Variable BIRCH_CHEST_BOAT
  Ort: Klasse EntityType
C:\Users\Fabian\Documents\GitHub\minecraft-26.2-port\malilib\src\main\java\fi\dy\masa\malilib\render\InventoryOverlay.j
ava:668: Fehler: Symbol nicht gefunden
				entityType.equals(EntityType.CHERRY_CHEST_BOAT) ||
				                            ^
  Symbol: Variable CHERRY_CHEST_BOAT
  Ort: Klasse EntityType
C:\Users\Fabian\Documents\GitHub\minecraft-26.2-port\malilib\src\main\java\fi\dy\masa\malilib\render\InventoryOverlay.j
ava:669: Fehler: Symbol nicht gefunden
				entityType.equals(EntityType.DARK_OAK_CHEST_BOAT) ||
				                            ^
  Symbol: Variable DARK_OAK_CHEST_BOAT
  Ort: Klasse EntityType
C:\Users\Fabian\Documents\GitHub\minecraft-26.2-port\malilib\src\main\java\fi\dy\masa\malilib\render\InventoryOverlay.j
ava:670: Fehler: Symbol nicht gefunden
				entityType.equals(EntityType.JUNGLE_CHEST_BOAT) ||
				                            ^
  Symbol: Variable JUNGLE_CHEST_BOAT
  Ort: Klasse EntityType
C:\Users\Fabian\Documents\GitHub\minecraft-26.2-port\malilib\src\main\java\fi\dy\masa\malilib\render\InventoryOverlay.j
ava:671: Fehler: Symbol nicht gefunden
				entityType.equals(EntityType.MANGROVE_CHEST_BOAT) ||
				                            ^
  Symbol: Variable MANGROVE_CHEST_BOAT
  Ort: Klasse EntityType
C:\Users\Fabian\Documents\GitHub\minecraft-26.2-port\malilib\src\main\java\fi\dy\masa\malilib\render\InventoryOverlay.j
ava:672: Fehler: Symbol nicht gefunden
				entityType.equals(EntityType.OAK_CHEST_BOAT) ||
				                            ^
  Symbol: Variable OAK_CHEST_BOAT
  Ort: Klasse EntityType
C:\Users\Fabian\Documents\GitHub\minecraft-26.2-port\malilib\src\main\java\fi\dy\masa\malilib\render\InventoryOverlay.j
ava:673: Fehler: Symbol nicht gefunden
				entityType.equals(EntityType.PALE_OAK_CHEST_BOAT) ||
				                            ^
  Symbol: Variable PALE_OAK_CHEST_BOAT
  Ort: Klasse EntityType
C:\Users\Fabian\Documents\GitHub\minecraft-26.2-port\malilib\src\main\java\fi\dy\masa\malilib\render\InventoryOverlay.j
ava:674: Fehler: Symbol nicht gefunden
				entityType.equals(EntityType.SPRUCE_CHEST_BOAT))
				                            ^
  Symbol: Variable SPRUCE_CHEST_BOAT
  Ort: Klasse EntityType
C:\Users\Fabian\Documents\GitHub\minecraft-26.2-port\malilib\src\main\java\fi\dy\masa\malilib\render\InventoryOverlay.j
ava:678: Fehler: Symbol nicht gefunden
			else if (entityType.equals(EntityType.HOPPER_MINECART))
			                                     ^
  Symbol: Variable HOPPER_MINECART
  Ort: Klasse EntityType
Hinweis: Einige Eingabedateien verwenden oder ├╝berschreiben eine veraltete API.
Hinweis: Wiederholen Sie die Kompilierung mit -Xlint:deprecation, um Details zu erhalten.
100 Fehler

> Task :compileJava FAILED

[Incubating] Problems report is available at: file:///C:/Users/Fabian/Documents/GitHub/minecraft-26.2-port/malilib/build/reports/problems/problems-report.html

FAILURE: Build failed with an exception.

* What went wrong:
Execution failed for task ':compileJava'.
> Compilation failed; see the compiler output below.
  Hinweis: Wiederholen Sie die Kompilierung mit -Xlint:deprecation, um Details zu erhalten.
  C:\Users\Fabian\Documents\GitHub\minecraft-26.2-port\malilib\src\main\java\fi\dy\masa\malilib\render\GuiContext.java:
239: Fehler: Inkompatible Typen: void kann nicht in ScreenRectangle konvertiert werden
  		return this.scissorStack.pop();
  		                            ^
  C:\Users\Fabian\Documents\GitHub\minecraft-26.2-port\malilib\src\main\java\fi\dy\masa\malilib\render\on_demand\TextPl
ateRenderer.java:17: Fehler: Symbol nicht gefunden
  import net.minecraft.client.renderer.MultiBufferSource;
                                      ^
    Symbol: Klasse MultiBufferSource
    Ort: Package net.minecraft.client.renderer
  C:\Users\Fabian\Documents\GitHub\minecraft-26.2-port\malilib\src\main\java\fi\dy\masa\malilib\render\RenderUtils.java
:28: Fehler: Symbol nicht gefunden
  import net.minecraft.client.renderer.MultiBufferSource;
                                      ^
    Symbol: Klasse MultiBufferSource
    Ort: Package net.minecraft.client.renderer
  C:\Users\Fabian\Documents\GitHub\minecraft-26.2-port\malilib\src\main\java\fi\dy\masa\malilib\gui\GuiBase.java:844: 
Fehler: Symbol nicht gefunden
          return this.mc.screen == this;
                        ^
    Symbol: Variable screen
    Ort: Variable mc von Typ Minecraft
  C:\Users\Fabian\Documents\GitHub\minecraft-26.2-port\malilib\src\main\java\fi\dy\masa\malilib\gui\widgets\WidgetSearc
hBar.java:86: Fehler: Symbol nicht gefunden
                  if (input.hasShiftDown() && this.mc.screen != null)
                                                     ^
    Symbol: Variable screen
    Ort: Variable mc von Typ Minecraft
  C:\Users\Fabian\Documents\GitHub\minecraft-26.2-port\malilib\src\main\java\fi\dy\masa\malilib\gui\widgets\WidgetSearc
hBar.java:88: Fehler: Symbol nicht gefunden
                      this.mc.screen.onClose();
                             ^
    Symbol: Variable screen
    Ort: Variable mc von Typ Minecraft
  C:\Users\Fabian\Documents\GitHub\minecraft-26.2-port\malilib\src\main\java\fi\dy\masa\malilib\data\CachedTagManager.j
ava:92: Fehler: Symbol nicht gefunden
          list.add(BuiltInRegistries.BLOCK.getKey(Blocks.BLACK_CONCRETE).toString());
                                                        ^
    Symbol: Variable BLACK_CONCRETE
    Ort: Klasse Blocks
  C:\Users\Fabian\Documents\GitHub\minecraft-26.2-port\malilib\src\main\java\fi\dy\masa\malilib\data\CachedTagManager.j
ava:93: Fehler: Symbol nicht gefunden
          list.add(BuiltInRegistries.BLOCK.getKey(Blocks.BLUE_CONCRETE).toString());
                                                        ^
    Symbol: Variable BLUE_CONCRETE
    Ort: Klasse Blocks
  C:\Users\Fabian\Documents\GitHub\minecraft-26.2-port\malilib\src\main\java\fi\dy\masa\malilib\data\CachedTagManager.j
ava:94: Fehler: Symbol nicht gefunden
          list.add(BuiltInRegistries.BLOCK.getKey(Blocks.BROWN_CONCRETE).toString());
                                                        ^
    Symbol: Variable BROWN_CONCRETE
    Ort: Klasse Blocks
  C:\Users\Fabian\Documents\GitHub\minecraft-26.2-port\malilib\src\main\java\fi\dy\masa\malilib\data\CachedTagManager.j
ava:95: Fehler: Symbol nicht gefunden
          list.add(BuiltInRegistries.BLOCK.getKey(Blocks.CYAN_CONCRETE).toString());
                                                        ^
    Symbol: Variable CYAN_CONCRETE
    Ort: Klasse Blocks
  C:\Users\Fabian\Documents\GitHub\minecraft-26.2-port\malilib\src\main\java\fi\dy\masa\malilib\data\CachedTagManager.j
ava:96: Fehler: Symbol nicht gefunden
          list.add(BuiltInRegistries.BLOCK.getKey(Blocks.GRAY_CONCRETE).toString());
                                                        ^
    Symbol: Variable GRAY_CONCRETE
    Ort: Klasse Blocks
  C:\Users\Fabian\Documents\GitHub\minecraft-26.2-port\malilib\src\main\java\fi\dy\masa\malilib\data\CachedTagManager.j
ava:97: Fehler: Symbol nicht gefunden
          list.add(BuiltInRegistries.BLOCK.getKey(Blocks.GREEN_CONCRETE).toString());
                                                        ^
    Symbol: Variable GREEN_CONCRETE
    Ort: Klasse Blocks
  C:\Users\Fabian\Documents\GitHub\minecraft-26.2-port\malilib\src\main\java\fi\dy\masa\malilib\data\CachedTagManager.j
ava:98: Fehler: Symbol nicht gefunden
          list.add(BuiltInRegistries.BLOCK.getKey(Blocks.LIGHT_BLUE_CONCRETE).toString());
                                                        ^
    Symbol: Variable LIGHT_BLUE_CONCRETE
    Ort: Klasse Blocks
  C:\Users\Fabian\Documents\GitHub\minecraft-26.2-port\malilib\src\main\java\fi\dy\masa\malilib\data\CachedTagManager.j
ava:99: Fehler: Symbol nicht gefunden
          list.add(BuiltInRegistries.BLOCK.getKey(Blocks.LIGHT_GRAY_CONCRETE).toString());
                                                        ^
    Symbol: Variable LIGHT_GRAY_CONCRETE
    Ort: Klasse Blocks
  C:\Users\Fabian\Documents\GitHub\minecraft-26.2-port\malilib\src\main\java\fi\dy\masa\malilib\data\CachedTagManager.j
ava:100: Fehler: Symbol nicht gefunden
          list.add(BuiltInRegistries.BLOCK.getKey(Blocks.LIME_CONCRETE).toString());
                                                        ^
    Symbol: Variable LIME_CONCRETE
    Ort: Klasse Blocks
  C:\Users\Fabian\Documents\GitHub\minecraft-26.2-port\malilib\src\main\java\fi\dy\masa\malilib\data\CachedTagManager.j
ava:101: Fehler: Symbol nicht gefunden
          list.add(BuiltInRegistries.BLOCK.getKey(Blocks.MAGENTA_CONCRETE).toString());
                                                        ^
    Symbol: Variable MAGENTA_CONCRETE
    Ort: Klasse Blocks
  C:\Users\Fabian\Documents\GitHub\minecraft-26.2-port\malilib\src\main\java\fi\dy\masa\malilib\data\CachedTagManager.j
ava:102: Fehler: Symbol nicht gefunden
          list.add(BuiltInRegistries.BLOCK.getKey(Blocks.ORANGE_CONCRETE).toString());
                                                        ^
    Symbol: Variable ORANGE_CONCRETE
    Ort: Klasse Blocks
  C:\Users\Fabian\Documents\GitHub\minecraft-26.2-port\malilib\src\main\java\fi\dy\masa\malilib\data\CachedTagManager.j
ava:103: Fehler: Symbol nicht gefunden
          list.add(BuiltInRegistries.BLOCK.getKey(Blocks.PINK_CONCRETE).toString());
                                                        ^
    Symbol: Variable PINK_CONCRETE
    Ort: Klasse Blocks
  C:\Users\Fabian\Documents\GitHub\minecraft-26.2-port\malilib\src\main\java\fi\dy\masa\malilib\data\CachedTagManager.j
ava:104: Fehler: Symbol nicht gefunden
          list.add(BuiltInRegistries.BLOCK.getKey(Blocks.PURPLE_CONCRETE).toString());
                                                        ^
    Symbol: Variable PURPLE_CONCRETE
    Ort: Klasse Blocks
  C:\Users\Fabian\Documents\GitHub\minecraft-26.2-port\malilib\src\main\java\fi\dy\masa\malilib\data\CachedTagManager.j
ava:105: Fehler: Symbol nicht gefunden
          list.add(BuiltInRegistries.BLOCK.getKey(Blocks.RED_CONCRETE).toString());
                                                        ^
    Symbol: Variable RED_CONCRETE
    Ort: Klasse Blocks
  C:\Users\Fabian\Documents\GitHub\minecraft-26.2-port\malilib\src\main\java\fi\dy\masa\malilib\data\CachedTagManager.j
ava:106: Fehler: Symbol nicht gefunden
          list.add(BuiltInRegistries.BLOCK.getKey(Blocks.YELLOW_CONCRETE).toString());
                                                        ^
    Symbol: Variable YELLOW_CONCRETE
    Ort: Klasse Blocks
  C:\Users\Fabian\Documents\GitHub\minecraft-26.2-port\malilib\src\main\java\fi\dy\masa\malilib\data\CachedTagManager.j
ava:107: Fehler: Symbol nicht gefunden
          list.add(BuiltInRegistries.BLOCK.getKey(Blocks.WHITE_CONCRETE).toString());
                                                        ^
    Symbol: Variable WHITE_CONCRETE
    Ort: Klasse Blocks
  C:\Users\Fabian\Documents\GitHub\minecraft-26.2-port\malilib\src\main\java\fi\dy\masa\malilib\data\CachedTagManager.j
ava:117: Fehler: Symbol nicht gefunden
          list.add(BuiltInRegistries.BLOCK.getKey(Blocks.BLACK_STAINED_GLASS_PANE).toString());
                                                        ^
    Symbol: Variable BLACK_STAINED_GLASS_PANE
    Ort: Klasse Blocks
  C:\Users\Fabian\Documents\GitHub\minecraft-26.2-port\malilib\src\main\java\fi\dy\masa\malilib\data\CachedTagManager.j
ava:118: Fehler: Symbol nicht gefunden
          list.add(BuiltInRegistries.BLOCK.getKey(Blocks.BLUE_STAINED_GLASS_PANE).toString());
                                                        ^
    Symbol: Variable BLUE_STAINED_GLASS_PANE
    Ort: Klasse Blocks
  C:\Users\Fabian\Documents\GitHub\minecraft-26.2-port\malilib\src\main\java\fi\dy\masa\malilib\data\CachedTagManager.j
ava:119: Fehler: Symbol nicht gefunden
          list.add(BuiltInRegistries.BLOCK.getKey(Blocks.BROWN_STAINED_GLASS_PANE).toString());
                                                        ^
    Symbol: Variable BROWN_STAINED_GLASS_PANE
    Ort: Klasse Blocks
  C:\Users\Fabian\Documents\GitHub\minecraft-26.2-port\malilib\src\main\java\fi\dy\masa\malilib\data\CachedTagManager.j
ava:120: Fehler: Symbol nicht gefunden
          list.add(BuiltInRegistries.BLOCK.getKey(Blocks.CYAN_STAINED_GLASS_PANE).toString());
                                                        ^
    Symbol: Variable CYAN_STAINED_GLASS_PANE
    Ort: Klasse Blocks
  C:\Users\Fabian\Documents\GitHub\minecraft-26.2-port\malilib\src\main\java\fi\dy\masa\malilib\data\CachedTagManager.j
ava:121: Fehler: Symbol nicht gefunden
          list.add(BuiltInRegistries.BLOCK.getKey(Blocks.GRAY_STAINED_GLASS_PANE).toString());
                                                        ^
    Symbol: Variable GRAY_STAINED_GLASS_PANE
    Ort: Klasse Blocks
  C:\Users\Fabian\Documents\GitHub\minecraft-26.2-port\malilib\src\main\java\fi\dy\masa\malilib\data\CachedTagManager.j
ava:122: Fehler: Symbol nicht gefunden
          list.add(BuiltInRegistries.BLOCK.getKey(Blocks.GREEN_STAINED_GLASS_PANE).toString());
                                                        ^
    Symbol: Variable GREEN_STAINED_GLASS_PANE
    Ort: Klasse Blocks
  C:\Users\Fabian\Documents\GitHub\minecraft-26.2-port\malilib\src\main\java\fi\dy\masa\malilib\data\CachedTagManager.j
ava:123: Fehler: Symbol nicht gefunden
          list.add(BuiltInRegistries.BLOCK.getKey(Blocks.LIGHT_BLUE_STAINED_GLASS_PANE).toString());
                                                        ^
    Symbol: Variable LIGHT_BLUE_STAINED_GLASS_PANE
    Ort: Klasse Blocks
  C:\Users\Fabian\Documents\GitHub\minecraft-26.2-port\malilib\src\main\java\fi\dy\masa\malilib\data\CachedTagManager.j
ava:124: Fehler: Symbol nicht gefunden
          list.add(BuiltInRegistries.BLOCK.getKey(Blocks.LIGHT_GRAY_STAINED_GLASS_PANE).toString());
                                                        ^
    Symbol: Variable LIGHT_GRAY_STAINED_GLASS_PANE
    Ort: Klasse Blocks
  C:\Users\Fabian\Documents\GitHub\minecraft-26.2-port\malilib\src\main\java\fi\dy\masa\malilib\data\CachedTagManager.j
ava:125: Fehler: Symbol nicht gefunden
          list.add(BuiltInRegistries.BLOCK.getKey(Blocks.LIME_STAINED_GLASS_PANE).toString());
                                                        ^
    Symbol: Variable LIME_STAINED_GLASS_PANE
    Ort: Klasse Blocks
  C:\Users\Fabian\Documents\GitHub\minecraft-26.2-port\malilib\src\main\java\fi\dy\masa\malilib\data\CachedTagManager.j
ava:126: Fehler: Symbol nicht gefunden
          list.add(BuiltInRegistries.BLOCK.getKey(Blocks.MAGENTA_STAINED_GLASS_PANE).toString());
                                                        ^
    Symbol: Variable MAGENTA_STAINED_GLASS_PANE
    Ort: Klasse Blocks
  C:\Users\Fabian\Documents\GitHub\minecraft-26.2-port\malilib\src\main\java\fi\dy\masa\malilib\data\CachedTagManager.j
ava:127: Fehler: Symbol nicht gefunden
          list.add(BuiltInRegistries.BLOCK.getKey(Blocks.ORANGE_STAINED_GLASS_PANE).toString());
                                                        ^
    Symbol: Variable ORANGE_STAINED_GLASS_PANE
    Ort: Klasse Blocks
  C:\Users\Fabian\Documents\GitHub\minecraft-26.2-port\malilib\src\main\java\fi\dy\masa\malilib\data\CachedTagManager.j
ava:128: Fehler: Symbol nicht gefunden
          list.add(BuiltInRegistries.BLOCK.getKey(Blocks.PINK_STAINED_GLASS_PANE).toString());
                                                        ^
    Symbol: Variable PINK_STAINED_GLASS_PANE
    Ort: Klasse Blocks
  C:\Users\Fabian\Documents\GitHub\minecraft-26.2-port\malilib\src\main\java\fi\dy\masa\malilib\data\CachedTagManager.j
ava:129: Fehler: Symbol nicht gefunden
          list.add(BuiltInRegistries.BLOCK.getKey(Blocks.PURPLE_STAINED_GLASS_PANE).toString());
                                                        ^
    Symbol: Variable PURPLE_STAINED_GLASS_PANE
    Ort: Klasse Blocks
  C:\Users\Fabian\Documents\GitHub\minecraft-26.2-port\malilib\src\main\java\fi\dy\masa\malilib\data\CachedTagManager.j
ava:130: Fehler: Symbol nicht gefunden
          list.add(BuiltInRegistries.BLOCK.getKey(Blocks.RED_STAINED_GLASS_PANE).toString());
                                                        ^
    Symbol: Variable RED_STAINED_GLASS_PANE
    Ort: Klasse Blocks
  C:\Users\Fabian\Documents\GitHub\minecraft-26.2-port\malilib\src\main\java\fi\dy\masa\malilib\data\CachedTagManager.j
ava:131: Fehler: Symbol nicht gefunden
          list.add(BuiltInRegistries.BLOCK.getKey(Blocks.YELLOW_STAINED_GLASS_PANE).toString());
                                                        ^
    Symbol: Variable YELLOW_STAINED_GLASS_PANE
    Ort: Klasse Blocks
  C:\Users\Fabian\Documents\GitHub\minecraft-26.2-port\malilib\src\main\java\fi\dy\masa\malilib\data\CachedTagManager.j
ava:132: Fehler: Symbol nicht gefunden
          list.add(BuiltInRegistries.BLOCK.getKey(Blocks.WHITE_STAINED_GLASS_PANE).toString());
                                                        ^
    Symbol: Variable WHITE_STAINED_GLASS_PANE
    Ort: Klasse Blocks
  C:\Users\Fabian\Documents\GitHub\minecraft-26.2-port\malilib\src\main\java\fi\dy\masa\malilib\data\CachedTagManager.j
ava:141: Fehler: Symbol nicht gefunden
          list.add(BuiltInRegistries.BLOCK.getKey(Blocks.BLACK_GLAZED_TERRACOTTA).toString());
                                                        ^
    Symbol: Variable BLACK_GLAZED_TERRACOTTA
    Ort: Klasse Blocks
  C:\Users\Fabian\Documents\GitHub\minecraft-26.2-port\malilib\src\main\java\fi\dy\masa\malilib\data\CachedTagManager.j
ava:142: Fehler: Symbol nicht gefunden
          list.add(BuiltInRegistries.BLOCK.getKey(Blocks.BLUE_GLAZED_TERRACOTTA).toString());
                                                        ^
    Symbol: Variable BLUE_GLAZED_TERRACOTTA
    Ort: Klasse Blocks
  C:\Users\Fabian\Documents\GitHub\minecraft-26.2-port\malilib\src\main\java\fi\dy\masa\malilib\data\CachedTagManager.j
ava:143: Fehler: Symbol nicht gefunden
          list.add(BuiltInRegistries.BLOCK.getKey(Blocks.BROWN_GLAZED_TERRACOTTA).toString());
                                                        ^
    Symbol: Variable BROWN_GLAZED_TERRACOTTA
    Ort: Klasse Blocks
  C:\Users\Fabian\Documents\GitHub\minecraft-26.2-port\malilib\src\main\java\fi\dy\masa\malilib\data\CachedTagManager.j
ava:144: Fehler: Symbol nicht gefunden
          list.add(BuiltInRegistries.BLOCK.getKey(Blocks.CYAN_GLAZED_TERRACOTTA).toString());
                                                        ^
    Symbol: Variable CYAN_GLAZED_TERRACOTTA
    Ort: Klasse Blocks
  C:\Users\Fabian\Documents\GitHub\minecraft-26.2-port\malilib\src\main\java\fi\dy\masa\malilib\data\CachedTagManager.j
ava:145: Fehler: Symbol nicht gefunden
          list.add(BuiltInRegistries.BLOCK.getKey(Blocks.GRAY_GLAZED_TERRACOTTA).toString());
                                                        ^
    Symbol: Variable GRAY_GLAZED_TERRACOTTA
    Ort: Klasse Blocks
  C:\Users\Fabian\Documents\GitHub\minecraft-26.2-port\malilib\src\main\java\fi\dy\masa\malilib\data\CachedTagManager.j
ava:146: Fehler: Symbol nicht gefunden
          list.add(BuiltInRegistries.BLOCK.getKey(Blocks.GREEN_GLAZED_TERRACOTTA).toString());
                                                        ^
    Symbol: Variable GREEN_GLAZED_TERRACOTTA
    Ort: Klasse Blocks
  C:\Users\Fabian\Documents\GitHub\minecraft-26.2-port\malilib\src\main\java\fi\dy\masa\malilib\data\CachedTagManager.j
ava:147: Fehler: Symbol nicht gefunden
          list.add(BuiltInRegistries.BLOCK.getKey(Blocks.LIGHT_BLUE_GLAZED_TERRACOTTA).toString());
                                                        ^
    Symbol: Variable LIGHT_BLUE_GLAZED_TERRACOTTA
    Ort: Klasse Blocks
  C:\Users\Fabian\Documents\GitHub\minecraft-26.2-port\malilib\src\main\java\fi\dy\masa\malilib\data\CachedTagManager.j
ava:148: Fehler: Symbol nicht gefunden
          list.add(BuiltInRegistries.BLOCK.getKey(Blocks.LIGHT_GRAY_GLAZED_TERRACOTTA).toString());
                                                        ^
    Symbol: Variable LIGHT_GRAY_GLAZED_TERRACOTTA
    Ort: Klasse Blocks
  C:\Users\Fabian\Documents\GitHub\minecraft-26.2-port\malilib\src\main\java\fi\dy\masa\malilib\data\CachedTagManager.j
ava:149: Fehler: Symbol nicht gefunden
          list.add(BuiltInRegistries.BLOCK.getKey(Blocks.LIME_GLAZED_TERRACOTTA).toString());
                                                        ^
    Symbol: Variable LIME_GLAZED_TERRACOTTA
    Ort: Klasse Blocks
  C:\Users\Fabian\Documents\GitHub\minecraft-26.2-port\malilib\src\main\java\fi\dy\masa\malilib\data\CachedTagManager.j
ava:150: Fehler: Symbol nicht gefunden
          list.add(BuiltInRegistries.BLOCK.getKey(Blocks.MAGENTA_GLAZED_TERRACOTTA).toString());
                                                        ^
    Symbol: Variable MAGENTA_GLAZED_TERRACOTTA
    Ort: Klasse Blocks
  C:\Users\Fabian\Documents\GitHub\minecraft-26.2-port\malilib\src\main\java\fi\dy\masa\malilib\data\CachedTagManager.j
ava:151: Fehler: Symbol nicht gefunden
          list.add(BuiltInRegistries.BLOCK.getKey(Blocks.ORANGE_GLAZED_TERRACOTTA).toString());
                                                        ^
    Symbol: Variable ORANGE_GLAZED_TERRACOTTA
    Ort: Klasse Blocks
  C:\Users\Fabian\Documents\GitHub\minecraft-26.2-port\malilib\src\main\java\fi\dy\masa\malilib\data\CachedTagManager.j
ava:152: Fehler: Symbol nicht gefunden
          list.add(BuiltInRegistries.BLOCK.getKey(Blocks.PINK_GLAZED_TERRACOTTA).toString());
                                                        ^
    Symbol: Variable PINK_GLAZED_TERRACOTTA
    Ort: Klasse Blocks
  C:\Users\Fabian\Documents\GitHub\minecraft-26.2-port\malilib\src\main\java\fi\dy\masa\malilib\data\CachedTagManager.j
ava:153: Fehler: Symbol nicht gefunden
          list.add(BuiltInRegistries.BLOCK.getKey(Blocks.PURPLE_GLAZED_TERRACOTTA).toString());
                                                        ^
    Symbol: Variable PURPLE_GLAZED_TERRACOTTA
    Ort: Klasse Blocks
  C:\Users\Fabian\Documents\GitHub\minecraft-26.2-port\malilib\src\main\java\fi\dy\masa\malilib\data\CachedTagManager.j
ava:154: Fehler: Symbol nicht gefunden
          list.add(BuiltInRegistries.BLOCK.getKey(Blocks.RED_GLAZED_TERRACOTTA).toString());
                                                        ^
    Symbol: Variable RED_GLAZED_TERRACOTTA
    Ort: Klasse Blocks
  C:\Users\Fabian\Documents\GitHub\minecraft-26.2-port\malilib\src\main\java\fi\dy\masa\malilib\data\CachedTagManager.j
ava:155: Fehler: Symbol nicht gefunden
          list.add(BuiltInRegistries.BLOCK.getKey(Blocks.YELLOW_GLAZED_TERRACOTTA).toString());
                                                        ^
    Symbol: Variable YELLOW_GLAZED_TERRACOTTA
    Ort: Klasse Blocks
  C:\Users\Fabian\Documents\GitHub\minecraft-26.2-port\malilib\src\main\java\fi\dy\masa\malilib\data\CachedTagManager.j
ava:156: Fehler: Symbol nicht gefunden
          list.add(BuiltInRegistries.BLOCK.getKey(Blocks.WHITE_GLAZED_TERRACOTTA).toString());
                                                        ^
    Symbol: Variable WHITE_GLAZED_TERRACOTTA
    Ort: Klasse Blocks
  C:\Users\Fabian\Documents\GitHub\minecraft-26.2-port\malilib\src\main\java\fi\dy\masa\malilib\data\CachedTagManager.j
ava:185: Fehler: Symbol nicht gefunden
          list.add("#"+BlockTags.CONCRETE_POWDER.location().toString());
                                ^
    Symbol: Variable CONCRETE_POWDER
    Ort: Klasse BlockTags
  C:\Users\Fabian\Documents\GitHub\minecraft-26.2-port\malilib\src\main\java\fi\dy\masa\malilib\data\CachedTagManager.j
ava:196: Fehler: Symbol nicht gefunden
          list.add("#"+BlockTags.SAPLINGS.location().toString());
                                ^
    Symbol: Variable SAPLINGS
    Ort: Klasse BlockTags
  C:\Users\Fabian\Documents\GitHub\minecraft-26.2-port\malilib\src\main\java\fi\dy\masa\malilib\mixin\render\MixinRende
rPipelines.java:57: Fehler: Symbol nicht gefunden
      @Unique private static final BlendFunction MASA_BLEND = new BlendFunction(SourceFactor.SRC_ALPHA, 
DestFactor.ONE_MINUS_SRC_ALPHA, SourceFactor.ONE, DestFactor.ZERO);
                                                                                ^
    Symbol: Variable SourceFactor
    Ort: Klasse MixinRenderPipelines
  C:\Users\Fabian\Documents\GitHub\minecraft-26.2-port\malilib\src\main\java\fi\dy\masa\malilib\mixin\render\MixinRende
rPipelines.java:57: Fehler: Symbol nicht gefunden
      @Unique private static final BlendFunction MASA_BLEND = new BlendFunction(SourceFactor.SRC_ALPHA, 
DestFactor.ONE_MINUS_SRC_ALPHA, SourceFactor.ONE, DestFactor.ZERO);
                                                                                                        ^
    Symbol: Variable DestFactor
    Ort: Klasse MixinRenderPipelines
  C:\Users\Fabian\Documents\GitHub\minecraft-26.2-port\malilib\src\main\java\fi\dy\masa\malilib\mixin\render\MixinRende
rPipelines.java:57: Fehler: Symbol nicht gefunden
      @Unique private static final BlendFunction MASA_BLEND = new BlendFunction(SourceFactor.SRC_ALPHA, 
DestFactor.ONE_MINUS_SRC_ALPHA, SourceFactor.ONE, DestFactor.ZERO);
                                                                                                                       
                 ^
    Symbol: Variable SourceFactor
    Ort: Klasse MixinRenderPipelines
  C:\Users\Fabian\Documents\GitHub\minecraft-26.2-port\malilib\src\main\java\fi\dy\masa\malilib\mixin\render\MixinRende
rPipelines.java:57: Fehler: Symbol nicht gefunden
      @Unique private static final BlendFunction MASA_BLEND = new BlendFunction(SourceFactor.SRC_ALPHA, 
DestFactor.ONE_MINUS_SRC_ALPHA, SourceFactor.ONE, DestFactor.ZERO);
                                                                                                                       
                                   ^
    Symbol: Variable DestFactor
    Ort: Klasse MixinRenderPipelines
  C:\Users\Fabian\Documents\GitHub\minecraft-26.2-port\malilib\src\main\java\fi\dy\masa\malilib\mixin\render\MixinRende
rPipelines.java:58: Fehler: Symbol nicht gefunden
      @Unique private static final BlendFunction MASA_BLEND_SIMPLE = new BlendFunction(SourceFactor.SRC_ALPHA, 
DestFactor.ONE_MINUS_SRC_ALPHA);
                                                                                       ^
    Symbol: Variable SourceFactor
    Ort: Klasse MixinRenderPipelines
  C:\Users\Fabian\Documents\GitHub\minecraft-26.2-port\malilib\src\main\java\fi\dy\masa\malilib\mixin\render\MixinRende
rPipelines.java:58: Fehler: Symbol nicht gefunden
      @Unique private static final BlendFunction MASA_BLEND_SIMPLE = new BlendFunction(SourceFactor.SRC_ALPHA, 
DestFactor.ONE_MINUS_SRC_ALPHA);
                                                                                                               ^
    Symbol: Variable DestFactor
    Ort: Klasse MixinRenderPipelines
  C:\Users\Fabian\Documents\GitHub\minecraft-26.2-port\malilib\src\main\java\fi\dy\masa\malilib\render\InventoryOverlay
.java:600: Fehler: Symbol nicht gefunden
  			if (blockType.equals(BlockEntityType.SHULKER_BOX) ||
  			                                    ^
    Symbol: Variable SHULKER_BOX
    Ort: Klasse BlockEntityType
  C:\Users\Fabian\Documents\GitHub\minecraft-26.2-port\malilib\src\main\java\fi\dy\masa\malilib\render\InventoryOverlay
.java:601: Fehler: Symbol nicht gefunden
  				blockType.equals(BlockEntityType.BARREL) ||
  				                                ^
    Symbol: Variable BARREL
    Ort: Klasse BlockEntityType
  C:\Users\Fabian\Documents\GitHub\minecraft-26.2-port\malilib\src\main\java\fi\dy\masa\malilib\render\InventoryOverlay
.java:602: Fehler: Symbol nicht gefunden
  				blockType.equals(BlockEntityType.CHEST) ||
  				                                ^
    Symbol: Variable CHEST
    Ort: Klasse BlockEntityType
  C:\Users\Fabian\Documents\GitHub\minecraft-26.2-port\malilib\src\main\java\fi\dy\masa\malilib\render\InventoryOverlay
.java:603: Fehler: Symbol nicht gefunden
  				blockType.equals(BlockEntityType.TRAPPED_CHEST))
  				                                ^
    Symbol: Variable TRAPPED_CHEST
    Ort: Klasse BlockEntityType
  C:\Users\Fabian\Documents\GitHub\minecraft-26.2-port\malilib\src\main\java\fi\dy\masa\malilib\render\InventoryOverlay
.java:617: Fehler: Symbol nicht gefunden
  			else if (blockType.equals(BlockEntityType.FURNACE) ||
  			                                         ^
    Symbol: Variable FURNACE
    Ort: Klasse BlockEntityType
  C:\Users\Fabian\Documents\GitHub\minecraft-26.2-port\malilib\src\main\java\fi\dy\masa\malilib\render\InventoryOverlay
.java:618: Fehler: Symbol nicht gefunden
  					blockType.equals(BlockEntityType.BLAST_FURNACE) ||
  					                                ^
    Symbol: Variable BLAST_FURNACE
    Ort: Klasse BlockEntityType
  C:\Users\Fabian\Documents\GitHub\minecraft-26.2-port\malilib\src\main\java\fi\dy\masa\malilib\render\InventoryOverlay
.java:619: Fehler: Symbol nicht gefunden
  					blockType.equals(BlockEntityType.SMOKER))
  					                                ^
    Symbol: Variable SMOKER
    Ort: Klasse BlockEntityType
  C:\Users\Fabian\Documents\GitHub\minecraft-26.2-port\malilib\src\main\java\fi\dy\masa\malilib\render\InventoryOverlay
.java:623: Fehler: Symbol nicht gefunden
  			else if (blockType.equals(BlockEntityType.DISPENSER) ||
  			                                         ^
    Symbol: Variable DISPENSER
    Ort: Klasse BlockEntityType
  C:\Users\Fabian\Documents\GitHub\minecraft-26.2-port\malilib\src\main\java\fi\dy\masa\malilib\render\InventoryOverlay
.java:624: Fehler: Symbol nicht gefunden
  					blockType.equals(BlockEntityType.DROPPER))
  					                                ^
    Symbol: Variable DROPPER
    Ort: Klasse BlockEntityType
  C:\Users\Fabian\Documents\GitHub\minecraft-26.2-port\malilib\src\main\java\fi\dy\masa\malilib\render\InventoryOverlay
.java:628: Fehler: Symbol nicht gefunden
  			else if (blockType.equals(BlockEntityType.HOPPER))
  			                                         ^
    Symbol: Variable HOPPER
    Ort: Klasse BlockEntityType
  C:\Users\Fabian\Documents\GitHub\minecraft-26.2-port\malilib\src\main\java\fi\dy\masa\malilib\render\InventoryOverlay
.java:632: Fehler: Symbol nicht gefunden
  			else if (blockType.equals(BlockEntityType.BREWING_STAND))
  			                                         ^
    Symbol: Variable BREWING_STAND
    Ort: Klasse BlockEntityType
  C:\Users\Fabian\Documents\GitHub\minecraft-26.2-port\malilib\src\main\java\fi\dy\masa\malilib\render\InventoryOverlay
.java:636: Fehler: Symbol nicht gefunden
  			else if (blockType.equals(BlockEntityType.CRAFTER))
  			                                         ^
    Symbol: Variable CRAFTER
    Ort: Klasse BlockEntityType
  C:\Users\Fabian\Documents\GitHub\minecraft-26.2-port\malilib\src\main\java\fi\dy\masa\malilib\render\InventoryOverlay
.java:640: Fehler: Symbol nicht gefunden
  			else if (blockType.equals(BlockEntityType.DECORATED_POT) ||
  			                                         ^
    Symbol: Variable DECORATED_POT
    Ort: Klasse BlockEntityType
  C:\Users\Fabian\Documents\GitHub\minecraft-26.2-port\malilib\src\main\java\fi\dy\masa\malilib\render\InventoryOverlay
.java:641: Fehler: Symbol nicht gefunden
  					blockType.equals(BlockEntityType.JUKEBOX) ||
  					                                ^
    Symbol: Variable JUKEBOX
    Ort: Klasse BlockEntityType
  C:\Users\Fabian\Documents\GitHub\minecraft-26.2-port\malilib\src\main\java\fi\dy\masa\malilib\render\InventoryOverlay
.java:642: Fehler: Symbol nicht gefunden
  					blockType.equals(BlockEntityType.LECTERN))
  					                                ^
    Symbol: Variable LECTERN
    Ort: Klasse BlockEntityType
  C:\Users\Fabian\Documents\GitHub\minecraft-26.2-port\malilib\src\main\java\fi\dy\masa\malilib\render\InventoryOverlay
.java:646: Fehler: Symbol nicht gefunden
  			else if (blockType.equals(BlockEntityType.CHISELED_BOOKSHELF))
  			                                         ^
    Symbol: Variable CHISELED_BOOKSHELF
    Ort: Klasse BlockEntityType
  C:\Users\Fabian\Documents\GitHub\minecraft-26.2-port\malilib\src\main\java\fi\dy\masa\malilib\render\InventoryOverlay
.java:650: Fehler: Symbol nicht gefunden
  			else if (blockType.equals(BlockEntityType.SHELF))
  			                                         ^
    Symbol: Variable SHELF
    Ort: Klasse BlockEntityType
  C:\Users\Fabian\Documents\GitHub\minecraft-26.2-port\malilib\src\main\java\fi\dy\masa\malilib\render\InventoryOverlay
.java:654: Fehler: Symbol nicht gefunden
  			else if (blockType.equals(BlockEntityType.ENDER_CHEST))
  			                                         ^
    Symbol: Variable ENDER_CHEST
    Ort: Klasse BlockEntityType
  C:\Users\Fabian\Documents\GitHub\minecraft-26.2-port\malilib\src\main\java\fi\dy\masa\malilib\render\InventoryOverlay
.java:664: Fehler: Symbol nicht gefunden
  			if (entityType.equals(EntityType.CHEST_MINECART) ||
  			                                ^
    Symbol: Variable CHEST_MINECART
    Ort: Klasse EntityType
  C:\Users\Fabian\Documents\GitHub\minecraft-26.2-port\malilib\src\main\java\fi\dy\masa\malilib\render\InventoryOverlay
.java:665: Fehler: Symbol nicht gefunden
  				entityType.equals(EntityType.ACACIA_CHEST_BOAT) ||
  				                            ^
    Symbol: Variable ACACIA_CHEST_BOAT
    Ort: Klasse EntityType
  C:\Users\Fabian\Documents\GitHub\minecraft-26.2-port\malilib\src\main\java\fi\dy\masa\malilib\render\InventoryOverlay
.java:666: Fehler: Symbol nicht gefunden
  				entityType.equals(EntityType.BAMBOO_CHEST_RAFT) ||
  				                            ^
    Symbol: Variable BAMBOO_CHEST_RAFT
    Ort: Klasse EntityType
  C:\Users\Fabian\Documents\GitHub\minecraft-26.2-port\malilib\src\main\java\fi\dy\masa\malilib\render\InventoryOverlay
.java:667: Fehler: Symbol nicht gefunden
  				entityType.equals(EntityType.BIRCH_CHEST_BOAT) ||
  				                            ^
    Symbol: Variable BIRCH_CHEST_BOAT
    Ort: Klasse EntityType
  C:\Users\Fabian\Documents\GitHub\minecraft-26.2-port\malilib\src\main\java\fi\dy\masa\malilib\render\InventoryOverlay
.java:668: Fehler: Symbol nicht gefunden
  				entityType.equals(EntityType.CHERRY_CHEST_BOAT) ||
  				                            ^
    Symbol: Variable CHERRY_CHEST_BOAT
    Ort: Klasse EntityType
  C:\Users\Fabian\Documents\GitHub\minecraft-26.2-port\malilib\src\main\java\fi\dy\masa\malilib\render\InventoryOverlay
.java:669: Fehler: Symbol nicht gefunden
  				entityType.equals(EntityType.DARK_OAK_CHEST_BOAT) ||
  				                            ^
    Symbol: Variable DARK_OAK_CHEST_BOAT
    Ort: Klasse EntityType
  C:\Users\Fabian\Documents\GitHub\minecraft-26.2-port\malilib\src\main\java\fi\dy\masa\malilib\render\InventoryOverlay
.java:670: Fehler: Symbol nicht gefunden
  				entityType.equals(EntityType.JUNGLE_CHEST_BOAT) ||
  				                            ^
    Symbol: Variable JUNGLE_CHEST_BOAT
    Ort: Klasse EntityType
  C:\Users\Fabian\Documents\GitHub\minecraft-26.2-port\malilib\src\main\java\fi\dy\masa\malilib\render\InventoryOverlay
.java:671: Fehler: Symbol nicht gefunden
  				entityType.equals(EntityType.MANGROVE_CHEST_BOAT) ||
  				                            ^
    Symbol: Variable MANGROVE_CHEST_BOAT
    Ort: Klasse EntityType
  C:\Users\Fabian\Documents\GitHub\minecraft-26.2-port\malilib\src\main\java\fi\dy\masa\malilib\render\InventoryOverlay
.java:672: Fehler: Symbol nicht gefunden
  				entityType.equals(EntityType.OAK_CHEST_BOAT) ||
  				                            ^
    Symbol: Variable OAK_CHEST_BOAT
    Ort: Klasse EntityType
  C:\Users\Fabian\Documents\GitHub\minecraft-26.2-port\malilib\src\main\java\fi\dy\masa\malilib\render\InventoryOverlay
.java:673: Fehler: Symbol nicht gefunden
  				entityType.equals(EntityType.PALE_OAK_CHEST_BOAT) ||
  				                            ^
    Symbol: Variable PALE_OAK_CHEST_BOAT
    Ort: Klasse EntityType
  C:\Users\Fabian\Documents\GitHub\minecraft-26.2-port\malilib\src\main\java\fi\dy\masa\malilib\render\InventoryOverlay
.java:674: Fehler: Symbol nicht gefunden
  				entityType.equals(EntityType.SPRUCE_CHEST_BOAT))
  				                            ^
    Symbol: Variable SPRUCE_CHEST_BOAT
    Ort: Klasse EntityType
  C:\Users\Fabian\Documents\GitHub\minecraft-26.2-port\malilib\src\main\java\fi\dy\masa\malilib\render\InventoryOverlay
.java:678: Fehler: Symbol nicht gefunden
  			else if (entityType.equals(EntityType.HOPPER_MINECART))
  			                                     ^
    Symbol: Variable HOPPER_MINECART
    Ort: Klasse EntityType
  Hinweis: Einige Eingabedateien verwenden oder ├╝berschreiben eine veraltete API.
  C:\Users\Fabian\Documents\GitHub\minecraft-26.2-port\malilib\src\main\java\fi\dy\masa\malilib\gui\GuiBase.java:172: 
Fehler: Symbol nicht gefunden
              this.mc.setScreen(this.parent);
                     ^
    Symbol: Methode setScreen(Screen)
    Ort: Variable mc von Typ Minecraft
  C:\Users\Fabian\Documents\GitHub\minecraft-26.2-port\malilib\src\main\java\fi\dy\masa\malilib\gui\GuiBase.java:894: 
Fehler: Symbol nicht gefunden
          Minecraft.getInstance().setScreen(gui);
                                 ^
    Symbol: Methode setScreen(Screen)
    Ort: Klasse Minecraft
  C:\Users\Fabian\Documents\GitHub\minecraft-26.2-port\malilib\src\main\java\fi\dy\masa\malilib\gui\GuiConfigsBase.java
:99: Fehler: Symbol nicht gefunden
                          minecraft.setScreen(this.selectedEntry.configScreenSupplier().get());
                                   ^
    Symbol: Methode setScreen(GuiBase)
    Ort: Variable minecraft von Typ Minecraft
  C:\Users\Fabian\Documents\GitHub\minecraft-26.2-port\malilib\src\main\java\fi\dy\masa\malilib\interfaces\IInventoryOv
erlayHandler.java:109: Fehler: Symbol nicht gefunden
  			mc.setScreen(new InventoryOverlayScreen(this.getModId(), this.getRenderContextNullable(), shulkerBGColors, 
villagerBGColors));
  			  ^
    Symbol: Methode setScreen(InventoryOverlayScreen)
    Ort: Variable mc von Typ Minecraft
  C:\Users\Fabian\Documents\GitHub\minecraft-26.2-port\malilib\src\main\java\fi\dy\masa\malilib\mixin\render\MixinRende
rPipelines.java:572: Fehler: Symbol nicht gefunden
  			                  .withSampler("Sampler0")
  			                  ^
    Symbol: Methode withSampler(String)
    Ort: Klasse Builder
  C:\Users\Fabian\Documents\GitHub\minecraft-26.2-port\malilib\src\main\java\fi\dy\masa\malilib\mixin\render\MixinRende
rPipelines.java:596: Fehler: Symbol nicht gefunden
  			                  .withSampler("Sampler0")
  			                  ^
    Symbol: Methode withSampler(String)
    Ort: Klasse Builder
  C:\Users\Fabian\Documents\GitHub\minecraft-26.2-port\malilib\src\main\java\fi\dy\masa\malilib\mixin\render\MixinRende
rPipelines.java:1002: Fehler: Symbol nicht gefunden
  			                  .withUniform("Projection", UniformType.UNIFORM_BUFFER)
  			                  ^
    Symbol: Methode withUniform(String,UniformType)
    Ort: Klasse Builder
  C:\Users\Fabian\Documents\GitHub\minecraft-26.2-port\malilib\src\main\java\fi\dy\masa\malilib\mixin\render\MixinRende
rPipelines.java:1132: Fehler: Symbol nicht gefunden
  			                  .withSampler("Sampler0")
  			                  ^
    Symbol: Methode withSampler(String)
    Ort: Klasse Builder
  100 Fehler

* Try:
> Check your code and dependencies to fix the compilation error(s)
> Run with --scan to get full insights from a Build Scan (powered by Develocity).

BUILD FAILED in 35s
2 actionable tasks: 2 executed
